// Jest Snapshot v1, https://goo.gl/fbAQLP

exports[`PartySizeModal 트리 스냅샷 1`] = `
<RNCSafeAreaProvider
  onInsetsChange={[Function]}
  style={
    [
      {
        "flex": 1,
      },
      undefined,
    ]
  }
>
  <View
    style={
      {
        "backgroundColor": "#F2F0E2",
        "flexBasis": "0%",
        "flexGrow": 1,
        "flexShrink": 1,
      }
    }
  >
    <Modal
      animationType="none"
      navigationBarTranslucent={true}
      onRequestClose={[MockFunction]}
      statusBarTranslucent={true}
      testID="party-size-modal-modal"
      transparent={true}
      visible={true}
    >
      <View
        accessibilityState={
          {
            "busy": undefined,
            "checked": undefined,
            "disabled": undefined,
            "expanded": undefined,
            "selected": undefined,
          }
        }
        accessibilityValue={
          {
            "max": undefined,
            "min": undefined,
            "now": undefined,
            "text": undefined,
          }
        }
        accessible={true}
        collapsable={false}
        focusable={true}
        onBlur={[Function]}
        onClick={[Function]}
        onFocus={[Function]}
        onResponderGrant={[Function]}
        onResponderMove={[Function]}
        onResponderRelease={[Function]}
        onResponderTerminate={[Function]}
        onResponderTerminationRequest={[Function]}
        onStartShouldSetResponder={[Function]}
        style={
          {
            "alignItems": "center",
            "backgroundColor": "#0F0A068C",
            "flexBasis": "0%",
            "flexGrow": 1,
            "flexShrink": 1,
            "justifyContent": "center",
            "paddingLeft": 16,
            "paddingRight": 16,
          }
        }
        testID="party-size-modal"
      >
        <View
          onStartShouldSetResponder={[Function]}
          style={
            {
              "maxWidth": 288,
              "width": "100%",
            }
          }
        >
          <View
            style={
              {
                "backgroundColor": "#FDFCF6",
                "borderColor": "#685B4A",
                "borderRadius": 14,
                "borderWidth": 1,
                "overflow": "hidden",
              }
            }
          >
            <View
              style={
                {
                  "backgroundColor": "#1D140D",
                  "height": 88,
                  "overflow": "hidden",
                  "position": "relative",
                }
              }
            >
              <View
                aria-hidden={true}
                pointerEvents="none"
                style={
                  {
                    "filter": [
                      {
                        "saturate": 0.85,
                      },
                      {
                        "brightness": 0.8,
                      },
                    ],
                    "inset": 0,
                    "opacity": 0.65,
                    "position": "absolute",
                  }
                }
                testID="media-card-art"
              >
                <Image
                  resizeMode="cover"
                  source={
                    {
                      "testUri": "../../../core/assets/bosses/lotus.webp",
                    }
                  }
                  style={
                    {
                      "bottom": 0,
                      "height": undefined,
                      "left": 0,
                      "position": "absolute",
                      "right": 0,
                      "top": 0,
                      "width": undefined,
                    }
                  }
                />
              </View>
              <ViewManagerAdapter_ExpoLinearGradient
                aria-hidden={true}
                colors={
                  [
                    1905677,
                    1905677,
                    4280095757,
                    4280095757,
                  ]
                }
                endPoint={
                  [
                    1,
                    0,
                  ]
                }
                locations={
                  [
                    0,
                    0.42,
                    0.82,
                    1,
                  ]
                }
                pointerEvents="none"
                startPoint={
                  [
                    0,
                    0,
                  ]
                }
                style={
                  {
                    "inset": 0,
                    "position": "absolute",
                  }
                }
                testID="media-card-art-veil"
              />
              <ViewManagerAdapter_ExpoLinearGradient
                colors={
                  [
                    4280095757,
                    0,
                  ]
                }
                endPoint={
                  [
                    0,
                    0,
                  ]
                }
                locations={
                  [
                    0,
                    0.62,
                  ]
                }
                startPoint={
                  [
                    0,
                    1,
                  ]
                }
                style={
                  {
                    "inset": 0,
                    "position": "absolute",
                  }
                }
              />
              <View
                accessibilityLabel="닫기"
                accessibilityState={
                  {
                    "busy": undefined,
                    "checked": undefined,
                    "disabled": undefined,
                    "expanded": undefined,
                    "selected": undefined,
                  }
                }
                accessibilityValue={
                  {
                    "max": undefined,
                    "min": undefined,
                    "now": undefined,
                    "text": undefined,
                  }
                }
                accessible={true}
                collapsable={false}
                focusable={true}
                onBlur={[Function]}
                onClick={[Function]}
                onFocus={[Function]}
                onResponderGrant={[Function]}
                onResponderMove={[Function]}
                onResponderRelease={[Function]}
                onResponderTerminate={[Function]}
                onResponderTerminationRequest={[Function]}
                onStartShouldSetResponder={[Function]}
                role="button"
                style={
                  {
                    "alignItems": "center",
                    "backgroundColor": "rgba(29, 20, 13, 0.6)",
                    "borderRadius": 9999,
                    "height": 32,
                    "justifyContent": "center",
                    "position": "absolute",
                    "right": 10,
                    "top": 10,
                    "width": 32,
                  }
                }
              >
                <RNSVGSvgView
                  align="xMidYMid"
                  aria-hidden={true}
                  bbHeight={17}
                  bbWidth={17}
                  fill="none"
                  focusable={false}
                  height={17}
                  meetOrSlice={0}
                  minX={0}
                  minY={0}
                  stroke="#ECE2DB"
                  strokeLinecap="round"
                  strokeLinejoin="round"
                  strokeWidth={2}
                  style={
                    [
                      {
                        "backgroundColor": "transparent",
                        "borderWidth": 0,
                      },
                      {},
                      {
                        "flex": 0,
                        "height": 17,
                        "width": 17,
                      },
                    ]
                  }
                  vbHeight={24}
                  vbWidth={24}
                  width={17}
                  xmlns="http://www.w3.org/2000/svg"
                >
                  <RNSVGGroup
                    fill={null}
                    propList={
                      [
                        "fill",
                        "stroke",
                        "strokeWidth",
                        "strokeLinecap",
                        "strokeLinejoin",
                      ]
                    }
                    stroke={
                      {
                        "payload": 4293714651,
                        "type": 0,
                      }
                    }
                    strokeLinecap={1}
                    strokeLinejoin={1}
                    strokeWidth={2}
                  >
                    <RNSVGPath
                      d="M18 6 6 18"
                      fill={null}
                      propList={
                        [
                          "fill",
                          "stroke",
                          "strokeWidth",
                          "strokeLinecap",
                          "strokeLinejoin",
                        ]
                      }
                      stroke={
                        {
                          "payload": 4293714651,
                          "type": 0,
                        }
                      }
                      strokeLinecap={1}
                      strokeLinejoin={1}
                      strokeWidth={2}
                    />
                    <RNSVGPath
                      d="m6 6 12 12"
                      fill={null}
                      propList={
                        [
                          "fill",
                          "stroke",
                          "strokeWidth",
                          "strokeLinecap",
                          "strokeLinejoin",
                        ]
                      }
                      stroke={
                        {
                          "payload": 4293714651,
                          "type": 0,
                        }
                      }
                      strokeLinecap={1}
                      strokeLinejoin={1}
                      strokeWidth={2}
                    />
                  </RNSVGGroup>
                </RNSVGSvgView>
              </View>
              <View
                style={
                  {
                    "bottom": 12,
                    "left": 18,
                    "position": "absolute",
                    "right": 18,
                  }
                }
              >
                <Text
                  allowFontScaling={true}
                  maxFontSizeMultiplier={1.235}
                  style={
                    {
                      "color": "#AEA298",
                      "fontSize": 10,
                      "fontWeight": "700",
                      "letterSpacing": 1.6,
                      "textShadowColor": "rgba(0,0,0,0.9)",
                      "textShadowOffset": {
                        "height": 1,
                        "width": 0,
                      },
                      "textShadowRadius": 3,
                    }
                  }
                >
                  주간 보스
                </Text>
                <Text
                  allowFontScaling={true}
                  maxFontSizeMultiplier={1.235}
                  style={
                    {
                      "color": "#ECE2DB",
                      "fontSize": 20,
                      "fontWeight": "800",
                      "letterSpacing": -0.4,
                      "lineHeight": 28,
                      "textShadowColor": "rgba(0,0,0,0.9)",
                      "textShadowOffset": {
                        "height": 1,
                        "width": 0,
                      },
                      "textShadowRadius": 3,
                    }
                  }
                >
                  스우
                </Text>
              </View>
            </View>
            <View
              style={
                {
                  "borderColor": "#CFC9AE",
                  "borderTopWidth": 1,
                  "columnGap": 18,
                  "padding": 18,
                  "rowGap": 18,
                }
              }
            >
              <View>
                <Text
                  allowFontScaling={true}
                  maxFontSizeMultiplier={1.235}
                  style={
                    {
                      "color": "#645C42",
                      "fontSize": 12,
                      "fontWeight": "700",
                      "letterSpacing": 0.72,
                      "lineHeight": 16,
                      "marginBottom": 10,
                    }
                  }
                >
                  난이도
                </Text>
                <View
                  style={
                    {
                      "alignItems": "center",
                      "columnGap": 8,
                      "flexDirection": "row",
                      "flexWrap": "wrap",
                      "rowGap": 8,
                    }
                  }
                >
                  <View
                    accessibilityState={
                      {
                        "busy": undefined,
                        "checked": undefined,
                        "disabled": false,
                        "expanded": undefined,
                        "selected": false,
                      }
                    }
                    accessibilityValue={
                      {
                        "max": undefined,
                        "min": undefined,
                        "now": undefined,
                        "text": undefined,
                      }
                    }
                    accessible={true}
                    collapsable={false}
                    focusable={true}
                    onBlur={[Function]}
                    onClick={[Function]}
                    onFocus={[Function]}
                    onResponderGrant={[Function]}
                    onResponderMove={[Function]}
                    onResponderRelease={[Function]}
                    onResponderTerminate={[Function]}
                    onResponderTerminationRequest={[Function]}
                    onStartShouldSetResponder={[Function]}
                    role="button"
                    style={
                      {
                        "borderRadius": 9999,
                        "opacity": 0.4000000059604645,
                      }
                    }
                  >
                    <ViewManagerAdapter_ExpoLinearGradient
                      colors={
                        [
                          4284269277,
                          4281045936,
                        ]
                      }
                      endPoint={
                        [
                          0.5,
                          1,
                        ]
                      }
                      startPoint={
                        [
                          0.5,
                          0,
                        ]
                      }
                      style={
                        {
                          "alignItems": "center",
                          "borderColor": "#1f7690",
                          "borderRadius": 9999,
                          "borderWidth": 1,
                          "flexDirection": "row",
                          "height": 20,
                          "paddingLeft": 10,
                          "paddingRight": 10,
                        }
                      }
                    >
                      <Text
                        allowFontScaling={false}
                        maxFontSizeMultiplier={1.235}
                        style={
                          {
                            "color": "#ffffff",
                            "fontSize": 10,
                            "fontWeight": "800",
                            "letterSpacing": 0.3,
                            "textShadowColor": "rgba(0,0,0,0.25)",
                            "textShadowOffset": {
                              "height": 1,
                              "width": 0,
                            },
                            "textShadowRadius": 1,
                          }
                        }
                      >
                        노멀
                      </Text>
                    </ViewManagerAdapter_ExpoLinearGradient>
                  </View>
                  <View
                    accessibilityState={
                      {
                        "busy": undefined,
                        "checked": undefined,
                        "disabled": false,
                        "expanded": undefined,
                        "selected": true,
                      }
                    }
                    accessibilityValue={
                      {
                        "max": undefined,
                        "min": undefined,
                        "now": undefined,
                        "text": undefined,
                      }
                    }
                    accessible={true}
                    collapsable={false}
                    focusable={true}
                    onBlur={[Function]}
                    onClick={[Function]}
                    onFocus={[Function]}
                    onResponderGrant={[Function]}
                    onResponderMove={[Function]}
                    onResponderRelease={[Function]}
                    onResponderTerminate={[Function]}
                    onResponderTerminationRequest={[Function]}
                    onStartShouldSetResponder={[Function]}
                    role="button"
                    style={
                      {
                        "borderRadius": 9999,
                      }
                    }
                  >
                    <ViewManagerAdapter_ExpoLinearGradient
                      colors={
                        [
                          4293362854,
                          4290792308,
                        ]
                      }
                      endPoint={
                        [
                          0.5,
                          1,
                        ]
                      }
                      startPoint={
                        [
                          0.5,
                          0,
                        ]
                      }
                      style={
                        {
                          "alignItems": "center",
                          "borderColor": "#9c3a5c",
                          "borderRadius": 9999,
                          "borderWidth": 1,
                          "flexDirection": "row",
                          "height": 20,
                          "paddingLeft": 10,
                          "paddingRight": 10,
                        }
                      }
                    >
                      <Text
                        allowFontScaling={false}
                        maxFontSizeMultiplier={1.235}
                        style={
                          {
                            "color": "#ffffff",
                            "fontSize": 10,
                            "fontWeight": "800",
                            "letterSpacing": 0.3,
                            "textShadowColor": "rgba(0,0,0,0.25)",
                            "textShadowOffset": {
                              "height": 1,
                              "width": 0,
                            },
                            "textShadowRadius": 1,
                          }
                        }
                      >
                        하드
                      </Text>
                    </ViewManagerAdapter_ExpoLinearGradient>
                  </View>
                  <View
                    accessibilityState={
                      {
                        "busy": undefined,
                        "checked": undefined,
                        "disabled": false,
                        "expanded": undefined,
                        "selected": false,
                      }
                    }
                    accessibilityValue={
                      {
                        "max": undefined,
                        "min": undefined,
                        "now": undefined,
                        "text": undefined,
                      }
                    }
                    accessible={true}
                    collapsable={false}
                    focusable={true}
                    onBlur={[Function]}
                    onClick={[Function]}
                    onFocus={[Function]}
                    onResponderGrant={[Function]}
                    onResponderMove={[Function]}
                    onResponderRelease={[Function]}
                    onResponderTerminate={[Function]}
                    onResponderTerminationRequest={[Function]}
                    onStartShouldSetResponder={[Function]}
                    role="button"
                    style={
                      {
                        "borderRadius": 9999,
                        "opacity": 0.4000000059604645,
                      }
                    }
                  >
                    <ViewManagerAdapter_ExpoLinearGradient
                      colors={
                        [
                          4282137660,
                          4280030228,
                        ]
                      }
                      endPoint={
                        [
                          0.5,
                          1,
                        ]
                      }
                      startPoint={
                        [
                          0.5,
                          0,
                        ]
                      }
                      style={
                        {
                          "alignItems": "center",
                          "borderColor": "#ef5d78",
                          "borderRadius": 9999,
                          "borderWidth": 1.5,
                          "flexDirection": "row",
                          "height": 20,
                          "paddingLeft": 10,
                          "paddingRight": 10,
                        }
                      }
                    >
                      <Text
                        allowFontScaling={false}
                        maxFontSizeMultiplier={1.235}
                        style={
                          {
                            "color": "#f4794f",
                            "fontSize": 10,
                            "fontWeight": "800",
                            "letterSpacing": 0.3,
                          }
                        }
                      >
                        익스트림
                      </Text>
                    </ViewManagerAdapter_ExpoLinearGradient>
                  </View>
                </View>
              </View>
              <View>
                <View
                  style={
                    {
                      "alignItems": "center",
                      "columnGap": 10,
                      "flexDirection": "row",
                      "justifyContent": "space-between",
                      "marginBottom": 10,
                      "rowGap": 10,
                    }
                  }
                >
                  <View
                    style={
                      {
                        "alignItems": "center",
                        "columnGap": 6,
                        "flexDirection": "row",
                        "rowGap": 6,
                      }
                    }
                  >
                    <RNSVGSvgView
                      align="xMidYMid"
                      aria-hidden={true}
                      bbHeight={14}
                      bbWidth={14}
                      fill="none"
                      focusable={false}
                      height={14}
                      meetOrSlice={0}
                      minX={0}
                      minY={0}
                      stroke="#645C42"
                      strokeLinecap="round"
                      strokeLinejoin="round"
                      strokeWidth={2}
                      style={
                        [
                          {
                            "backgroundColor": "transparent",
                            "borderWidth": 0,
                          },
                          {},
                          {
                            "flex": 0,
                            "height": 14,
                            "width": 14,
                          },
                        ]
                      }
                      vbHeight={24}
                      vbWidth={24}
                      width={14}
                      xmlns="http://www.w3.org/2000/svg"
                    >
                      <RNSVGGroup
                        fill={null}
                        propList={
                          [
                            "fill",
                            "stroke",
                            "strokeWidth",
                            "strokeLinecap",
                            "strokeLinejoin",
                          ]
                        }
                        stroke={
                          {
                            "payload": 4284767298,
                            "type": 0,
                          }
                        }
                        strokeLinecap={1}
                        strokeLinejoin={1}
                        strokeWidth={2}
                      >
                        <RNSVGPath
                          d="M16 21v-2a4 4 0 0 0-4-4H6a4 4 0 0 0-4 4v2"
                          fill={null}
                          propList={
                            [
                              "fill",
                              "stroke",
                              "strokeWidth",
                              "strokeLinecap",
                              "strokeLinejoin",
                            ]
                          }
                          stroke={
                            {
                              "payload": 4284767298,
                              "type": 0,
                            }
                          }
                          strokeLinecap={1}
                          strokeLinejoin={1}
                          strokeWidth={2}
                        />
                        <RNSVGPath
                          d="M16 3.128a4 4 0 0 1 0 7.744"
                          fill={null}
                          propList={
                            [
                              "fill",
                              "stroke",
                              "strokeWidth",
                              "strokeLinecap",
                              "strokeLinejoin",
                            ]
                          }
                          stroke={
                            {
                              "payload": 4284767298,
                              "type": 0,
                            }
                          }
                          strokeLinecap={1}
                          strokeLinejoin={1}
                          strokeWidth={2}
                        />
                        <RNSVGPath
                          d="M22 21v-2a4 4 0 0 0-3-3.87"
                          fill={null}
                          propList={
                            [
                              "fill",
                              "stroke",
                              "strokeWidth",
                              "strokeLinecap",
                              "strokeLinejoin",
                            ]
                          }
                          stroke={
                            {
                              "payload": 4284767298,
                              "type": 0,
                            }
                          }
                          strokeLinecap={1}
                          strokeLinejoin={1}
                          strokeWidth={2}
                        />
                        <RNSVGCircle
                          cx="9"
                          cy="7"
                          fill={null}
                          propList={
                            [
                              "fill",
                              "stroke",
                              "strokeWidth",
                              "strokeLinecap",
                              "strokeLinejoin",
                            ]
                          }
                          r="4"
                          stroke={
                            {
                              "payload": 4284767298,
                              "type": 0,
                            }
                          }
                          strokeLinecap={1}
                          strokeLinejoin={1}
                          strokeWidth={2}
                        />
                      </RNSVGGroup>
                    </RNSVGSvgView>
                    <Text
                      allowFontScaling={true}
                      maxFontSizeMultiplier={1.235}
                      style={
                        {
                          "color": "#645C42",
                          "fontSize": 12,
                          "fontWeight": "700",
                          "letterSpacing": 0.72,
                          "lineHeight": 16,
                        }
                      }
                    >
                      파티 인원
                    </Text>
                  </View>
                  <Text
                    allowFontScaling={true}
                    maxFontSizeMultiplier={1.235}
                    style={
                      {
                        "backgroundColor": "#FEECDA",
                        "borderRadius": 9999,
                        "color": "#F58B0F",
                        "fontSize": 12,
                        "fontVariant": [
                          "tabular-nums",
                        ],
                        "fontWeight": "600",
                        "lineHeight": 16,
                        "paddingBottom": 4,
                        "paddingLeft": 10,
                        "paddingRight": 10,
                        "paddingTop": 4,
                      }
                    }
                  >
                    4
                     / 
                    6
                  </Text>
                </View>
                <View
                  style={
                    {
                      "alignItems": "center",
                      "backgroundColor": "#FDFCF6",
                      "borderColor": "#CFC9AE",
                      "borderRadius": 9999,
                      "borderWidth": 1,
                      "flexDirection": "row",
                      "height": 40,
                      "justifyContent": "space-between",
                      "padding": 4,
                    }
                  }
                >
                  <View
                    accessibilityLabel="스우 파티원 수 감소"
                    accessibilityState={
                      {
                        "busy": undefined,
                        "checked": undefined,
                        "disabled": false,
                        "expanded": undefined,
                        "selected": undefined,
                      }
                    }
                    accessibilityValue={
                      {
                        "max": undefined,
                        "min": undefined,
                        "now": undefined,
                        "text": undefined,
                      }
                    }
                    accessible={true}
                    collapsable={false}
                    focusable={true}
                    hitSlop={
                      {
                        "bottom": 8,
                        "left": 8,
                        "right": 8,
                        "top": 8,
                      }
                    }
                    onBlur={[Function]}
                    onClick={[Function]}
                    onFocus={[Function]}
                    onResponderGrant={[Function]}
                    onResponderMove={[Function]}
                    onResponderRelease={[Function]}
                    onResponderTerminate={[Function]}
                    onResponderTerminationRequest={[Function]}
                    onStartShouldSetResponder={[Function]}
                    role="button"
                    style={
                      {
                        "alignItems": "center",
                        "borderRadius": 9999,
                        "height": 32,
                        "justifyContent": "center",
                        "width": 32,
                      }
                    }
                  >
                    <RNSVGSvgView
                      align="xMidYMid"
                      aria-hidden={true}
                      bbHeight={16}
                      bbWidth={16}
                      fill="none"
                      focusable={false}
                      height={16}
                      meetOrSlice={0}
                      minX={0}
                      minY={0}
                      stroke="#241208"
                      strokeLinecap="round"
                      strokeLinejoin="round"
                      strokeWidth={2}
                      style={
                        [
                          {
                            "backgroundColor": "transparent",
                            "borderWidth": 0,
                          },
                          {},
                          {
                            "flex": 0,
                            "height": 16,
                            "width": 16,
                          },
                        ]
                      }
                      vbHeight={24}
                      vbWidth={24}
                      width={16}
                      xmlns="http://www.w3.org/2000/svg"
                    >
                      <RNSVGGroup
                        fill={null}
                        propList={
                          [
                            "fill",
                            "stroke",
                            "strokeWidth",
                            "strokeLinecap",
                            "strokeLinejoin",
                          ]
                        }
                        stroke={
                          {
                            "payload": 4280553992,
                            "type": 0,
                          }
                        }
                        strokeLinecap={1}
                        strokeLinejoin={1}
                        strokeWidth={2}
                      >
                        <RNSVGPath
                          d="M5 12h14"
                          fill={null}
                          propList={
                            [
                              "fill",
                              "stroke",
                              "strokeWidth",
                              "strokeLinecap",
                              "strokeLinejoin",
                            ]
                          }
                          stroke={
                            {
                              "payload": 4280553992,
                              "type": 0,
                            }
                          }
                          strokeLinecap={1}
                          strokeLinejoin={1}
                          strokeWidth={2}
                        />
                      </RNSVGGroup>
                    </RNSVGSvgView>
                  </View>
                  <View
                    style={
                      {
                        "alignItems": "baseline",
                        "columnGap": 2,
                        "flexDirection": "row",
                        "justifyContent": "center",
                        "minWidth": 66,
                        "rowGap": 2,
                      }
                    }
                  >
                    <Text
                      allowFontScaling={true}
                      maxFontSizeMultiplier={1.235}
                      style={
                        {
                          "color": "#241208",
                          "fontSize": 19,
                          "fontVariant": [
                            "tabular-nums",
                          ],
                          "fontWeight": "800",
                          "letterSpacing": -0.57,
                          "lineHeight": 19,
                        }
                      }
                    >
                      4
                    </Text>
                    <Text
                      allowFontScaling={true}
                      maxFontSizeMultiplier={1.235}
                      style={
                        {
                          "color": "#645C42",
                          "fontSize": 12,
                          "fontWeight": "600",
                          "lineHeight": 16,
                        }
                      }
                    >
                      인
                    </Text>
                  </View>
                  <View
                    accessibilityLabel="스우 파티원 수 증가"
                    accessibilityState={
                      {
                        "busy": undefined,
                        "checked": undefined,
                        "disabled": false,
                        "expanded": undefined,
                        "selected": undefined,
                      }
                    }
                    accessibilityValue={
                      {
                        "max": undefined,
                        "min": undefined,
                        "now": undefined,
                        "text": undefined,
                      }
                    }
                    accessible={true}
                    collapsable={false}
                    focusable={true}
                    hitSlop={
                      {
                        "bottom": 8,
                        "left": 8,
                        "right": 8,
                        "top": 8,
                      }
                    }
                    onBlur={[Function]}
                    onClick={[Function]}
                    onFocus={[Function]}
                    onResponderGrant={[Function]}
                    onResponderMove={[Function]}
                    onResponderRelease={[Function]}
                    onResponderTerminate={[Function]}
                    onResponderTerminationRequest={[Function]}
                    onStartShouldSetResponder={[Function]}
                    role="button"
                    style={
                      {
                        "alignItems": "center",
                        "borderRadius": 9999,
                        "height": 32,
                        "justifyContent": "center",
                        "width": 32,
                      }
                    }
                  >
                    <RNSVGSvgView
                      align="xMidYMid"
                      aria-hidden={true}
                      bbHeight={16}
                      bbWidth={16}
                      fill="none"
                      focusable={false}
                      height={16}
                      meetOrSlice={0}
                      minX={0}
                      minY={0}
                      stroke="#241208"
                      strokeLinecap="round"
                      strokeLinejoin="round"
                      strokeWidth={2}
                      style={
                        [
                          {
                            "backgroundColor": "transparent",
                            "borderWidth": 0,
                          },
                          {},
                          {
                            "flex": 0,
                            "height": 16,
                            "width": 16,
                          },
                        ]
                      }
                      vbHeight={24}
                      vbWidth={24}
                      width={16}
                      xmlns="http://www.w3.org/2000/svg"
                    >
                      <RNSVGGroup
                        fill={null}
                        propList={
                          [
                            "fill",
                            "stroke",
                            "strokeWidth",
                            "strokeLinecap",
                            "strokeLinejoin",
                          ]
                        }
                        stroke={
                          {
                            "payload": 4280553992,
                            "type": 0,
                          }
                        }
                        strokeLinecap={1}
                        strokeLinejoin={1}
                        strokeWidth={2}
                      >
                        <RNSVGPath
                          d="M5 12h14"
                          fill={null}
                          propList={
                            [
                              "fill",
                              "stroke",
                              "strokeWidth",
                              "strokeLinecap",
                              "strokeLinejoin",
                            ]
                          }
                          stroke={
                            {
                              "payload": 4280553992,
                              "type": 0,
                            }
                          }
                          strokeLinecap={1}
                          strokeLinejoin={1}
                          strokeWidth={2}
                        />
                        <RNSVGPath
                          d="M12 5v14"
                          fill={null}
                          propList={
                            [
                              "fill",
                              "stroke",
                              "strokeWidth",
                              "strokeLinecap",
                              "strokeLinejoin",
                            ]
                          }
                          stroke={
                            {
                              "payload": 4280553992,
                              "type": 0,
                            }
                          }
                          strokeLinecap={1}
                          strokeLinejoin={1}
                          strokeWidth={2}
                        />
                      </RNSVGGroup>
                    </RNSVGSvgView>
                  </View>
                </View>
              </View>
            </View>
          </View>
        </View>
      </View>
    </Modal>
  </View>
</RNCSafeAreaProvider>
`;
